<!DOCTYPE html>
<html>
    <head>
        <title>Html Improved Sample</title>
        <meta charset="UTF-8">
        <meta name="viewport" content="width=device-width, initial-scale=1.0"> </head>

    <body>
        <h1>value on &#39;index.html&#39;</h1>
        <div>
            <ul>
                <li> Home - Application name </li>
                <li> #1 - value one </li>
                <li> #2 - value two </li>
            </ul>
            <div> navigation content </div>
        </div>
        <div>
            <div> page content </div>
        </div>
        <div>
            <div> before footer </div>
            <div> footer content </div>
            <div> after footer </div>
        </div>
    </body>

</html>