<!DOCTYPE html>
<html>
    <head>
        <title>test</title>
        <meta charset="UTF-8">
        <meta name="viewport" content="width=device-width, initial-scale=1.0">
        <script type="text/javascript">
            (function () {
                alert('hellow');
            })();
        </script>
        <style type="text/css">
            body, html {
                background: #ff0000;
            }
        </style>
    </head>
    <body>
        <h1>#{otherVar}</h1>
    </body>
</html>
