<ul>
    <li>0-5</li>
    <li>1-4</li>
    <li>2-3</li>
    <li>3-2</li>
    <li>4-1</li>
    <li>5-0</li>
</ul>

<ul>
    <li>
        attr1 - One
    </li>
    <li>
        attr2 - Two
    </li>
</ul>

<ul>
    <li>
        attr1 - One
    </li>
    <li>
        attr2 - Two
    </li>
</ul>

<ul>
    <li>
        attr1 - One
    </li>
    <li>
        attr2 - Two
    </li>
</ul>



<ul>
    <li>
        0 - Alex
    </li>
    <li>
        1 - Gabriel
    </li>
    <li>
        2 - Darwin
    </li>
    <li>
        3 - Mara
    </li>
</ul>

<ul>
    <li>
        0 - Alex
    </li>
    <li>
        1 - Gabriel
    </li>
    <li>
        2 - Darwin
    </li>
    <li>
        3 - Mara
    </li>
</ul>

<ul>
    <li>
        0 - Alex
    </li>
    <li>
        1 - Gabriel
    </li>
    <li>
        2 - Darwin
    </li>
    <li>
        3 - Mara
    </li>
</ul>

<p>0 - 0 - 1</p>
<p>0 - 1 - 2</p>
<p>0 - 2 - 3</p>

<p>1 - 0 - 4</p>
<p>1 - 1 - 5</p>
<p>1 - 2 - 6</p>

<p>2 - 0 - 7</p>
<p>2 - 1 - 8</p>
<p>2 - 2 - 9</p>
<p>2 - 3 - 10</p>

<p>3 - 0 - 11</p>

