<div class="article figure-3d">
    <div class="article-wrapper">
        <h1>Hello world</h1>
        <span>John Doe</span>
        <span>features</span>
        <span>John</span>
        <span>Alex</span>
    </div>
</div>
