<div class="article">
    <div class="article-wrapper">
        <h1>Hello world</h1>
        <span>John Doe</span>
        <p>No content!</p>
    </div>
</div>
<div class="article">
    <div class="article-wrapper">
        <h1>Hello world</h1>
        <span>John Doe</span>
        <p>This is my</p>
        <p>Amazing article</p>
    </div>
</div>