<ul>
    <li>
        simple value
    </li>
    <li>
        name value
    </li>
    <li>
        two
    </li>
    <li>
        2015-05-07T14:31:58.430Z
    </li>
    <li>
        25
    </li>
    <li>
        true
    </li>
    <li>
        sim
    </li>
    <li>
        n√£o
    </li>
</ul>